HLTControlFlowMgr                      INFO Start initialization
HLTControlFlowMgr                      INFO Will not use an EventSelector.
HLTControlFlowMgr                      INFO Concurrency level information:
HLTControlFlowMgr                      INFO  o Number of events slots: 1
HLTControlFlowMgr                      INFO  o TBB thread pool size:  'ThreadPoolSize':1
ApplicationMgr                         INFO Application Manager Initialized successfully
Using 3 input slices.
ApplicationMgr                         INFO Application Manager Started successfully
DumpFTGeometry_94b0d61a                INFO Conditions DB is compatible with FT bank version 7 and 8.
Starting timer for throughput measurement
Input complete
ApplicationMgr                         INFO Application Manager Stopped successfully
HLTControlFlowMgr                      INFO
HLTControlFlowMgr                      INFO StateTree: CFNode   #executed  #passed
LAZY_AND: allen_non_event_data                  #=1       Sum=1           Eff=|( 100.0000 +- 0.00000 )%|
 NONLAZY_OR: allen_non_event_data_converters    #=1       Sum=1           Eff=|( 100.0000 +- 0.00000 )%|
  AllenODINProducer/AllenODINProducer_e608fece  #=1       Sum=1           Eff=|( 100.0000 +- 0.00000 )%|
  DumpBeamline/DumpBeamline                     #=1       Sum=1           Eff=|( 100.0000 +- 0.00000 )%|
  DumpVPGeometry/DumpVPGeometry_2afa7777        #=1       Sum=1           Eff=|( 100.0000 +- 0.00000 )%|
  DumpCaloGeometry/DumpCaloGeometry_472f6a19    #=1       Sum=1           Eff=|( 100.0000 +- 0.00000 )%|
  DumpMagneticField/DumpMagneticField_a4d14417  #=1       Sum=1           Eff=|( 100.0000 +- 0.00000 )%|
  DumpFTGeometry/DumpFTGeometry_94b0d61a        #=1       Sum=1           Eff=|( 100.0000 +- 0.00000 )%|
  DumpMuonGeometry/DumpMuonGeometry             #=1       Sum=1           Eff=|( 100.0000 +- 0.00000 )%|
  DumpMuonTable/DumpMuonTable                   #=1       Sum=1           Eff=|( 100.0000 +- 0.00000 )%|
 NONLAZY_OR: allen_non_event_data_producers     #=1       Sum=1           Eff=|( 100.0000 +- 0.00000 )%|
  AllenTESProducer/AllenTESProducer_VP          #=1       Sum=1           Eff=|( 100.0000 +- 0.00000 )%|
  AllenTESProducer/AllenTESProducer_ECal        #=1       Sum=1           Eff=|( 100.0000 +- 0.00000 )%|
  AllenTESProducer/AllenTESProducer_Magnet      #=1       Sum=1           Eff=|( 100.0000 +- 0.00000 )%|
  AllenTESProducer/AllenTESProducer_FTCluster   #=1       Sum=1           Eff=|( 100.0000 +- 0.00000 )%|
HLTControlFlowMgr                      INFO Histograms converted successfully according to request.
ApplicationMgr                         INFO Application Manager Finalized successfully
ApplicationMgr                         INFO Application Manager Terminated successfully
HLTControlFlowMgr                      INFO Number of counters : 1
 |    Counter                                      |     #     |    sum     | mean/eff^* | rms/err^*  |     min     |     max     |
 | "Processed events"                              |         1 |
