HLTControlFlowMgr                      INFO Start initialization
HLTControlFlowMgr                      INFO Will not use an EventSelector.
HLTControlFlowMgr                      INFO Concurrency level information:
HLTControlFlowMgr                      INFO  o Number of events slots: 1
HLTControlFlowMgr                      INFO  o TBB thread pool size:  'ThreadPoolSize':1
ApplicationMgr                         INFO Application Manager Initialized successfully
Using 3 input slices.
  rate_validator
  global_decision
  make_selected_object_lists
  make_subbanks
  make_selreps
  host_routingbits_writer
ApplicationMgr                         INFO Application Manager Started successfully
HLTControlFlowMgr                      INFO Will measure time between events 0 and 0 (stop might be some events later)
HLTControlFlowMgr                      INFO Starting loop on events
DeviceFTGeometry                       INFO Conditions DB is compatible with FT bank version 7 and 8.
Starting timer for throughput measurement
Input complete
Hlt1D2KK                               INFO Booked 2 Histogram(s) : 1D=2 2D=0 3D=0 1DProf=0 2DProf=0 3DProf=0
Hlt1D2KPi                              INFO Booked 6 Histogram(s) : 1D=6 2D=0 3D=0 1DProf=0 2DProf=0 3DProf=0
Hlt1D2KPiAlignment                     INFO Booked 6 Histogram(s) : 1D=6 2D=0 3D=0 1DProf=0 2DProf=0 3DProf=0
Hlt1D2PiPi                             INFO Booked 2 Histogram(s) : 1D=2 2D=0 3D=0 1DProf=0 2DProf=0 3DProf=0
Hlt1DetJpsiToMuMuNegTagLine            INFO Booked 1 Histogram(s) : 1D=1 2D=0 3D=0 1DProf=0 2DProf=0 3DProf=0
Hlt1DiElectronLowMass_NoIP             INFO Booked 2 Histogram(s) : 1D=2 2D=0 3D=0 1DProf=0 2DProf=0 3DProf=0
Hlt1DiElectronLowMass_NoIPNorm         INFO Booked 2 Histogram(s) : 1D=2 2D=0 3D=0 1DProf=0 2DProf=0 3DProf=0
Hlt1DiElectronLowMass_SS_NoIP          INFO Booked 2 Histogram(s) : 1D=2 2D=0 3D=0 1DProf=0 2DProf=0 3DProf=0
Hlt1DiElectronLowMass_SS_NoIPNorm      INFO Booked 2 Histogram(s) : 1D=2 2D=0 3D=0 1DProf=0 2DProf=0 3DProf=0
Hlt1DiMuonHighMass                     INFO Booked 1 Histogram(s) : 1D=1 2D=0 3D=0 1DProf=0 2DProf=0 3DProf=0
Hlt1DiMuonNoIP                         INFO Booked 1 Histogram(s) : 1D=1 2D=0 3D=0 1DProf=0 2DProf=0 3DProf=0
Hlt1DiMuonNoIP_SS                      INFO Booked 1 Histogram(s) : 1D=1 2D=0 3D=0 1DProf=0 2DProf=0 3DProf=0
Hlt1Dst2D0Pi                           INFO Booked 3 Histogram(s) : 1D=3 2D=0 3D=0 1DProf=0 2DProf=0 3DProf=0
Hlt1Dst2D0PiAlignment                  INFO Booked 3 Histogram(s) : 1D=3 2D=0 3D=0 1DProf=0 2DProf=0 3DProf=0
Hlt1KsToPiPi                           INFO Booked 4 Histogram(s) : 1D=4 2D=0 3D=0 1DProf=0 2DProf=0 3DProf=0
Hlt1LambdaLLDetachedTrack              INFO Booked 2 Histogram(s) : 1D=2 2D=0 3D=0 1DProf=0 2DProf=0 3DProf=0
Hlt1TrackMVA                           INFO Booked 3 Histogram(s) : 1D=3 2D=0 3D=0 1DProf=0 2DProf=0 3DProf=0
Hlt1TwoTrackMVA                        INFO Booked 7 Histogram(s) : 1D=7 2D=0 3D=0 1DProf=0 2DProf=0 3DProf=0
calo_find_clusters                     INFO Booked 6 Histogram(s) : 1D=6 2D=0 3D=0 1DProf=0 2DProf=0 3DProf=0
error_bank_filter                      INFO Booked 8 Histogram(s) : 1D=8 2D=0 3D=0 1DProf=0 2DProf=0 3DProf=0
fit_dihadron_secondary_vertices        INFO Booked 1 Histogram(s) : 1D=1 2D=0 3D=0 1DProf=0 2DProf=0 3DProf=0
fit_dihadrons_noipcut_secondary_...    INFO Booked 1 Histogram(s) : 1D=1 2D=0 3D=0 1DProf=0 2DProf=0 3DProf=0
fit_dilepton_secondary_vertices        INFO Booked 1 Histogram(s) : 1D=1 2D=0 3D=0 1DProf=0 2DProf=0 3DProf=0
fit_dilepton_secondary_vertices_...    INFO Booked 1 Histogram(s) : 1D=1 2D=0 3D=0 1DProf=0 2DProf=0 3DProf=0
fit_prompt_dihadron_secondary_ve...    INFO Booked 1 Histogram(s) : 1D=1 2D=0 3D=0 1DProf=0 2DProf=0 3DProf=0
fit_v0_secondary_vertices              INFO Booked 1 Histogram(s) : 1D=1 2D=0 3D=0 1DProf=0 2DProf=0 3DProf=0
gather_selections                      INFO Booked 2 Histogram(s) : 1D=2 2D=0 3D=0 1DProf=0 2DProf=0 3DProf=0
is_muon                                INFO Booked 3 Histogram(s) : 1D=3 2D=0 3D=0 1DProf=0 2DProf=0 3DProf=0
make_long_track_particles              INFO Booked 7 Histogram(s) : 1D=7 2D=0 3D=0 1DProf=0 2DProf=0 3DProf=0
matching_consolidate_tracks_matc...    INFO Booked 9 Histogram(s) : 1D=9 2D=0 3D=0 1DProf=0 2DProf=0 3DProf=0
momentum_brem_correction_2d722be7      INFO Booked 3 Histogram(s) : 1D=3 2D=0 3D=0 1DProf=0 2DProf=0 3DProf=0
pv_beamline_cleanup                    INFO Booked 7 Histogram(s) : 1D=7 2D=0 3D=0 1DProf=0 2DProf=0 3DProf=0
scifi_consolidate_seeds_matching       INFO Booked 5 Histogram(s) : 1D=5 2D=0 3D=0 1DProf=0 2DProf=0 3DProf=0
velo_consolidate_tracks                INFO Booked 1 Histogram(s) : 1D=1 2D=0 3D=0 1DProf=0 2DProf=0 3DProf=0
velo_kalman_filter                     INFO Booked 9 Histogram(s) : 1D=9 2D=0 3D=0 1DProf=0 2DProf=0 3DProf=0
ApplicationMgr                         INFO Application Manager Stopped successfully
HLTControlFlowMgr                      INFO
HLTControlFlowMgr                      INFO StateTree: CFNode   #executed  #passed
NONLAZY_OR: allen_non_event_data               #=1       Sum=1           Eff=|( 100.0000 +- 0.00000 )%|
 AllenODINProducer/AllenODINProducer_e608fece  #=1       Sum=1           Eff=|( 100.0000 +- 0.00000 )%|
 DumpBeamline/DeviceBeamline                   #=1       Sum=1           Eff=|( 100.0000 +- 0.00000 )%|
 DumpVPGeometry/DeviceVPGeometry               #=1       Sum=1           Eff=|( 100.0000 +- 0.00000 )%|
 DumpUTGeometry/DeviceUTGeometry               #=1       Sum=1           Eff=|( 100.0000 +- 0.00000 )%|
 DumpUTLookupTables/DeviceUTLookupTables       #=1       Sum=1           Eff=|( 100.0000 +- 0.00000 )%|
 DumpCaloGeometry/DeviceCaloGeometry           #=1       Sum=1           Eff=|( 100.0000 +- 0.00000 )%|
 DumpMagneticField/DeviceMagneticField         #=1       Sum=1           Eff=|( 100.0000 +- 0.00000 )%|
 DumpFTGeometry/DeviceFTGeometry               #=1       Sum=1           Eff=|( 100.0000 +- 0.00000 )%|
 DumpMuonGeometry/DeviceMuonGeometry           #=1       Sum=1           Eff=|( 100.0000 +- 0.00000 )%|
 DumpMuonTable/DeviceMuonTable                 #=1       Sum=1           Eff=|( 100.0000 +- 0.00000 )%|
HLTControlFlowMgr                      INFO Histograms converted successfully according to request.
ApplicationMgr                         INFO Application Manager Finalized successfully
ApplicationMgr                         INFO Application Manager Terminated successfully
HLTControlFlowMgr                      INFO Number of counters : 1
 |    Counter                                      |     #     |    sum     | mean/eff^* | rms/err^*  |     min     |     max     |
 | "Processed events"                              |         1 |
calo_filter_clusters_b3e43409          INFO Number of counters : 1
 |    Counter                                      |     #     |    sum     | mean/eff^* | rms/err^*  |     min     |     max     |
 | "n_calo_clusters"                               |     10000 |     494739 |     49.474 |
gather_selections                      INFO Number of counters : 79
 |    Counter                                      |     #     |    sum     | mean/eff^* | rms/err^*  |     min     |     max     |
 | "Hlt1ConeJet100GeVPass"                         |         1 |
 | "Hlt1ConeJet100GeVRate"                         |         1 |
 | "Hlt1D2KKPass"                                  |        15 |
 | "Hlt1D2KKRate"                                  |        15 |
 | "Hlt1D2KPiAlignmentPass"                        |         4 |
 | "Hlt1D2KPiAlignmentRate"                        |         4 |
 | "Hlt1D2KPiPass"                                 |        16 |
 | "Hlt1D2KPiRate"                                 |        16 |
 | "Hlt1D2KshhPass"                                |         7 |
 | "Hlt1D2KshhRate"                                |         7 |
 | "Hlt1D2PiPiPass"                                |         4 |
 | "Hlt1D2PiPiRate"                                |         4 |
 | "Hlt1DetJpsiToMuMuNegTagLinePass"               |         1 |
 | "Hlt1DetJpsiToMuMuNegTagLineRate"               |         1 |
 | "Hlt1DiElectronDisplacedPass"                   |        25 |
 | "Hlt1DiElectronDisplacedRate"                   |        25 |
 | "Hlt1DiElectronLowMass_DisplacedPass"           |         6 |
 | "Hlt1DiElectronLowMass_DisplacedRate"           |         6 |
 | "Hlt1DiElectronLowMass_NoIPNormPass"            |        50 |
 | "Hlt1DiElectronLowMass_NoIPPass"                |        11 |
 | "Hlt1DiElectronLowMass_NoIPRate"                |        11 |
 | "Hlt1DiElectronLowMass_SS_DisplacedPass"        |        20 |
 | "Hlt1DiElectronLowMass_SS_DisplacedRate"        |         1 |
 | "Hlt1DiElectronLowMass_SS_NoIPNormPass"         |       122 |
 | "Hlt1DiElectronLowMass_SS_NoIPNormRate"         |         2 |
 | "Hlt1DiElectronLowMass_SS_NoIPPass"             |        63 |
 | "Hlt1DiElectronLowMass_SS_NoIPRate"             |         1 |
 | "Hlt1DiMuonDisplacedPass"                       |         4 |
 | "Hlt1DiMuonDisplacedRate"                       |         4 |
 | "Hlt1DiMuonDisplacedSoftPTPass"                 |         5 |
 | "Hlt1DiMuonDisplacedSoftPTRate"                 |         5 |
 | "Hlt1DiMuonHighMassPass"                        |         7 |
 | "Hlt1DiMuonHighMassRate"                        |         7 |
 | "Hlt1DiMuonNoIPPass"                            |         8 |
 | "Hlt1DiMuonNoIPRate"                            |         8 |
 | "Hlt1DiMuonNoIP_SSPass"                         |         7 |
 | "Hlt1DiMuonSoftPass"                            |        11 |
 | "Hlt1DiMuonSoftRate"                            |        11 |
 | "Hlt1DiPhotonHighMassPass"                      |        33 |
 | "Hlt1DiPhotonHighMassRate"                      |        33 |
 | "Hlt1Dst2D0PiAlignmentPass"                     |         3 |
 | "Hlt1Dst2D0PiAlignmentRate"                     |         3 |
 | "Hlt1Dst2D0PiPass"                              |         3 |
 | "Hlt1Dst2D0PiRate"                              |         3 |
 | "Hlt1GECPassthroughPass"                        |         2 |
 | "Hlt1GECPassthroughRate"                        |         2 |
 | "Hlt1Kplus2PiEEPass"                            |         1 |
 | "Hlt1Kplus2PiEERate"                            |         1 |
 | "Hlt1Kplus2PiMuMuPass"                          |         1 |
 | "Hlt1Kplus2PiMuMuRate"                          |         1 |
 | "Hlt1KsToPiPiPass"                              |       740 |
 | "Hlt1KsToPiPiRate"                              |         2 |
 | "Hlt1LambdaLLDetachedTrackPass"                 |         1 |
 | "Hlt1LambdaLLDetachedTrackRate"                 |         1 |
 | "Hlt1OneMuonTrackLinePass"                      |      5724 |
 | "Hlt1RICH1AlignmentPass"                        |         4 |
 | "Hlt1RICH1AlignmentRate"                        |         4 |
 | "Hlt1SMOG2PassThroughLowMult5Pass"              |         3 |
 | "Hlt1SMOG2PassThroughLowMult5Rate"              |         3 |
 | "Hlt1SingleHighPtElectronPass"                  |        11 |
 | "Hlt1SingleHighPtElectronRate"                  |        11 |
 | "Hlt1SingleHighPtMuonNoMuIDPass"                |         8 |
 | "Hlt1SingleHighPtMuonNoMuIDRate"                |         8 |
 | "Hlt1SingleHighPtMuonPass"                      |         5 |
 | "Hlt1SingleHighPtMuonRate"                      |         5 |
 | "Hlt1TrackElectronMVAPass"                      |        50 |
 | "Hlt1TrackElectronMVARate"                      |        50 |
 | "Hlt1TrackMVAPass"                              |        96 |
 | "Hlt1TrackMVARate"                              |        96 |
 | "Hlt1TrackMuonMVAPass"                          |        10 |
 | "Hlt1TrackMuonMVARate"                          |        10 |
 | "Hlt1TwoKsPass"                                 |         8 |
 | "Hlt1TwoKsRate"                                 |         8 |
 | "Hlt1TwoTrackKsPass"                            |        30 |
 | "Hlt1TwoTrackKsRate"                            |        30 |
 | "Hlt1TwoTrackMVAPass"                           |       247 |
 | "Hlt1TwoTrackMVARate"                           |       247 |
 | "Hlt1VeloMicroBiasPass"                         |      9997 |
 | "Hlt1VeloMicroBiasRate"                         |         9 |
matching_consolidate_tracks_matc...    INFO Number of counters : 1
 |    Counter                                      |     #     |    sum     | mean/eff^* | rms/err^*  |     min     |     max     |
 | "n_long_tracks_matching"                        |     10000 |     458953 |     45.895 |
pv_beamline_cleanup                    INFO Number of counters : 1
 |    Counter                                      |     #     |    sum     | mean/eff^* | rms/err^*  |     min     |     max     |
 | "n_PVs"                                         |     10000 |      51728 |     5.1728 |
scifi_consolidate_seeds_matching       INFO Number of counters : 1
 |    Counter                                      |     #     |    sum     | mean/eff^* | rms/err^*  |     min     |     max     |
 | "n_seed_tracks"                                 |     10000 |     799560 |     79.956 |
velo_consolidate_tracks                INFO Number of counters : 1
 |    Counter                                      |     #     |    sum     | mean/eff^* | rms/err^*  |     min     |     max     |
 | "n_velo_tracks"                                 |     10000 |    2501922 |     250.19 |
Hlt1D2KK                               INFO 1D histograms in directory "Hlt1D2KK" : 2
 | ID                                                                               | Title                                                                            |      #     |     Mean   |    RMS     |  Skewness  |  Kurtosis  |
 | d02kk_mass                                                                       | "m(D0)"                                                                          |         15 |     1857.2 | 50.905     |   -0.12698 |    -1.3045 |
 | d02kk_pt                                                                         | "pT(D0)"                                                                         |         15 |     3268.7 | 1109.4     |    0.51074 |    -1.1442 |
Hlt1D2KPi                              INFO 1D histograms in directory "Hlt1D2KPi" : 6
 | ID                                                                               | Title                                                                            |      #     |     Mean   |    RMS     |  Skewness  |  Kurtosis  |
 | d0_mass                                                                          | "m(D0)"                                                                          |         22 |     1849.7 | 55.407     |    0.35733 |   -0.88567 |
 | d0_pt                                                                            | "pT(D0)"                                                                         |         16 |       3790 | 1584.5     |     0.5713 |   -0.84028 |
 | p0_ipx                                                                           | "IP_{x}(p0)"                                                                     |         15 |      0.142 | 0.34423    |     2.7824 |     7.1987 |
 | p0_ipy                                                                           | "IP_{y}(p0)"                                                                     |         14 |   -0.14571 | 0.41288    |    -2.2524 |     4.6895 |
 | p1_ipx                                                                           | "IP_{x}(p1)"                                                                     |         14 |  -0.094286 | 0.18901    |    -1.0173 |  -0.061234 |
 | p1_ipy                                                                           | "IP_{y}(p1)"                                                                     |         15 |      -0.09 | 0.36856    |    -1.6222 |     2.5149 |
Hlt1D2KPiAlignment                     INFO 1D histograms in directory "Hlt1D2KPiAlignment" : 6
 | ID                                                                               | Title                                                                            |      #     |     Mean   |    RMS     |  Skewness  |  Kurtosis  |
 | d0_mass                                                                          | "m(D0)"                                                                          |          7 |     1868.9 | 40.565     |   0.017291 |   -0.54811 |
 | d0_pt                                                                            | "pT(D0)"                                                                         |          4 |       5653 | 1184.2     |   -0.16155 |    -1.6552 |
 | p0_ipx                                                                           | "IP_{x}(p0)"                                                                     |          4 |       0.12 | 0.13077    |    0.65202 |   -0.90305 |
 | p0_ipy                                                                           | "IP_{y}(p0)"                                                                     |          4 |      -0.21 | 0.25100    |    0.92203 |   -0.81714 |
 | p1_ipx                                                                           | "IP_{x}(p1)"                                                                     |          4 |     -0.045 | 0.10712    |   -0.41185 |   -0.96194 |
 | p1_ipy                                                                           | "IP_{y}(p1)"                                                                     |          4 |      0.165 | 0.18187    |   -0.18516 |     -1.413 |
Hlt1D2PiPi                             INFO 1D histograms in directory "Hlt1D2PiPi" : 2
 | ID                                                                               | Title                                                                            |      #     |     Mean   |    RMS     |  Skewness  |  Kurtosis  |
 | d02pipi_mass                                                                     | "m(D0)"                                                                          |          4 |       1850 | 65.605     |    0.35903 |   -0.97823 |
 | d02pipi_pt                                                                       | "pT(D0)"                                                                         |          4 |       4664 | 1427.5     |   0.064048 |    -1.5569 |
Hlt1DetJpsiToMuMuNegTagLine            INFO 1D histograms in directory "Hlt1DetJpsiToMuMuNegTagLine" : 1
 | ID                                                                               | Title                                                                            |      #     |     Mean   |    RMS     |  Skewness  |  Kurtosis  |
 | histogram_det_jpsitomumu_tap_mass                                                | "m(jpsi)"                                                                        |          1 |     3092.5 | 0.0000     |          0 |          0 |
Hlt1DiElectronLowMass_NoIP             INFO 1D histograms in directory "Hlt1DiElectronLowMass_NoIP" : 2
 | ID                                                                               | Title                                                                            |      #     |     Mean   |    RMS     |  Skewness  |  Kurtosis  |
 | dielectron_mass_counts                                                           | "dielectron masses"                                                              |         93 |     1150.1 | 426.73     |    -1.7207 |     1.8625 |
 | dielectron_mass_counts_brem                                                      | "dielectron masses with brem"                                                    |         78 |     1123.9 | 449.46     |    -1.5836 |     1.2427 |
Hlt1DiElectronLowMass_NoIPNorm         INFO 1D histograms in directory "Hlt1DiElectronLowMass_NoIPNorm" : 2
 | ID                                                                               | Title                                                                            |      #     |     Mean   |    RMS     |  Skewness  |  Kurtosis  |
 | dielectron_mass_counts                                                           | "dielectron masses"                                                              |        508 |     1239.2 | 338.69     |    -2.2572 |     4.6246 |
 | dielectron_mass_counts_brem                                                      | "dielectron masses with brem"                                                    |        423 |     1237.4 | 349.76     |    -2.1579 |     4.0251 |
Hlt1DiElectronLowMass_SS_NoIP          INFO 1D histograms in directory "Hlt1DiElectronLowMass_SS_NoIP" : 2
 | ID                                                                               | Title                                                                            |      #     |     Mean   |    RMS     |  Skewness  |  Kurtosis  |
 | dielectron_mass_counts                                                           | "dielectron masses"                                                              |        139 |     682.58 | 545.07     |    0.25417 |    -1.5917 |
 | dielectron_mass_counts_brem                                                      | "dielectron masses with brem"                                                    |        130 |      669.4 | 530.79     |    0.31928 |     -1.486 |
Hlt1DiElectronLowMass_SS_NoIPNorm      INFO 1D histograms in directory "Hlt1DiElectronLowMass_SS_NoIPNorm" : 2
 | ID                                                                               | Title                                                                            |      #     |     Mean   |    RMS     |  Skewness  |  Kurtosis  |
 | dielectron_mass_counts                                                           | "dielectron masses"                                                              |        587 |       1032 | 502.55     |   -0.94107 |   -0.69772 |
 | dielectron_mass_counts_brem                                                      | "dielectron masses with brem"                                                    |        530 |     1023.4 | 509.58     |   -0.86304 |   -0.84686 |
Hlt1DiMuonHighMass                     INFO 1D histograms in directory "Hlt1DiMuonHighMass" : 1
 | ID                                                                               | Title                                                                            |      #     |     Mean   |    RMS     |  Skewness  |  Kurtosis  |
 | Jpsi_mass                                                                        | "m(J/Psi)"                                                                       |          2 |       3102 | 108.00     |          0 |         -2 |
Hlt1DiMuonNoIP                         INFO 1D histograms in directory "Hlt1DiMuonNoIP" : 1
 | ID                                                                               | Title                                                                            |      #     |     Mean   |    RMS     |  Skewness  |  Kurtosis  |
 | dimuon_q                                                                         | "dimuon q"                                                                       |          7 |      23952 | 5490.9     |    -1.0555 |    0.09716 |
Hlt1DiMuonNoIP_SS                      INFO 1D histograms in directory "Hlt1DiMuonNoIP_SS" : 1
 | ID                                                                               | Title                                                                            |      #     |     Mean   |    RMS     |  Skewness  |  Kurtosis  |
 | dimuon_q                                                                         | "dimuon q"                                                                       |          6 |      26719 | 3039.5     |   -0.26205 |    -1.6035 |
Hlt1Dst2D0Pi                           INFO 1D histograms in directory "Hlt1Dst2D0Pi" : 3
 | ID                                                                               | Title                                                                            |      #     |     Mean   |    RMS     |  Skewness  |  Kurtosis  |
 | d0_mass                                                                          | "m(D0)"                                                                          |          3 |     1805.3 | 38.793     |    0.68462 |       -1.5 |
 | d0_pt                                                                            | "pT(D0)"                                                                         |          3 |       3350 | 2264.2     |    0.70297 |       -1.5 |
 | dst_dm                                                                           | "m(D*)-m(D0)"                                                                    |          3 |     147.04 | 2.2016     |    0.64606 |       -1.5 |
Hlt1Dst2D0PiAlignment                  INFO 1D histograms in directory "Hlt1Dst2D0PiAlignment" : 3
 | ID                                                                               | Title                                                                            |      #     |     Mean   |    RMS     |  Skewness  |  Kurtosis  |
 | d0_mass                                                                          | "m(D0)"                                                                          |          3 |     1805.3 | 38.793     |    0.68462 |       -1.5 |
 | d0_pt                                                                            | "pT(D0)"                                                                         |          3 |       3350 | 2264.2     |    0.70297 |       -1.5 |
 | dst_dm                                                                           | "m(D*)-m(D0)"                                                                    |          3 |     147.04 | 2.2016     |    0.64606 |       -1.5 |
Hlt1KsToPiPi                           INFO 1D histograms in directory "Hlt1KsToPiPi" : 4
 | ID                                                                               | Title                                                                            |      #     |     Mean   |    RMS     |  Skewness  |  Kurtosis  |
 | ks_mass                                                                          | "m(ks)"                                                                          |        826 |     493.05 | 19.424     |    -2.5938 |     8.5786 |
 | ks_pt                                                                            | "pT(ks)"                                                                         |        826 |     1204.1 | 603.11     |     1.7612 |     3.9313 |
 | p0_ghost_prob                                                                    | "track0 GhostProb"                                                               |        826 |   0.066755 | 0.087471   |     2.2971 |      5.589 |
 | p1_ghost_prob                                                                    | "track1 GhostProb"                                                               |        826 |   0.087443 | 0.10845    |     1.7958 |     2.6048 |
Hlt1LambdaLLDetachedTrack              INFO 1D histograms in directory "Hlt1LambdaLLDetachedTrack" : 2
 | ID                                                                               | Title                                                                            |      #     |     Mean   |    RMS     |  Skewness  |  Kurtosis  |
 | LambdaTrack_mass                                                                 | "m(#Lambda#pi^{+}) [MeV]"                                                        |          1 |     2087.5 | 0.0000     |          0 |          0 |
 | Lambda_mass_LambdaLLDetachedTrack                                                | "m(p#pi^{#minus}) [MeV]"                                                         |          1 |     1118.8 | 0.0000     |          0 |          0 |
Hlt1TrackMVA                           INFO 1D histograms in directory "Hlt1TrackMVA" : 3
 | ID                                                                               | Title                                                                            |      #     |     Mean   |    RMS     |  Skewness  |  Kurtosis  |
 | ghost_prob                                                                       | "track GhostProb"                                                                |        102 |   0.023235 | 0.043094   |     3.2345 |     10.176 |
 | ip_x                                                                             | "IP_{x}"                                                                         |        100 |     -0.054 | 0.56725    |    -1.2038 |     8.2425 |
 | ip_y                                                                             | "IP_{y}"                                                                         |         97 |  -0.078247 | 0.35045    |    -2.4113 |     9.5736 |
Hlt1TwoTrackMVA                        INFO 1D histograms in directory "Hlt1TwoTrackMVA" : 7
 | ID                                                                               | Title                                                                            |      #     |     Mean   |    RMS     |  Skewness  |  Kurtosis  |
 | d0_mass                                                                          | "m(K#pi)"                                                                        |         31 |     1871.8 | 58.731     |   -0.19735 |    -1.0301 |
 | p0_ghost_prob                                                                    | "track0 GhostProb"                                                               |        389 |   0.032059 | 0.059087   |       4.21 |     21.878 |
 | p0_ip_x                                                                          | "IP_{x}(p0)"                                                                     |        348 |   0.012759 | 0.60852    |   -0.83683 |     7.8594 |
 | p0_ip_y                                                                          | "IP_{y}(p0)"                                                                     |        347 |   0.048329 | 0.56472    |   0.078575 |     8.5232 |
 | p1_ghost_prob                                                                    | "track1 GhostProb"                                                               |        389 |   0.038584 | 0.066417   |     3.4512 |     13.977 |
 | p1_ip_x                                                                          | "IP_{x}(p1)"                                                                     |        341 |  -0.072933 | 0.57015    |   -0.27463 |     6.6645 |
 | p1_ip_y                                                                          | "IP_{y}(p1)"                                                                     |        342 |  -0.047018 | 0.57814    |    -1.1042 |     9.0288 |
calo_find_clusters                     INFO 1D histograms in directory "calo_find_clusters" : 6
 | ID                                                                               | Title                                                                            |      #     |     Mean   |    RMS     |  Skewness  |  Kurtosis  |
 | ecal_cluster_e                                                                   | "EcalClusterE"                                                                   |     490569 |       8008 | 7518.3     |     2.3012 |     6.1944 |
 | ecal_cluster_et                                                                  | "EcalClusterEt"                                                                  |     494433 |     806.19 | 458.05     |     2.2547 |     8.6268 |
 | ecal_cluster_x                                                                   | "EcalClusterX"                                                                   |     494739 |    0.48119 | 1894.5     |   0.011245 |   -0.73997 |
 | ecal_cluster_y                                                                   | "EcalClusterY"                                                                   |     494739 |    -1.0884 | 1037.3     |  0.0058091 |      1.087 |
 | ecal_digit_e                                                                     | "EcalDigitE"                                                                     |    1073948 |       1545 | 1469.6     |     2.2933 |     6.4136 |
 | n_ecal_clusters                                                                  | "NClusters"                                                                      |      10000 |     49.474 | 28.662     |    0.75757 |    0.68816 |
error_bank_filter                      INFO 1D histograms in directory "error_bank_filter" : 8
 | ID                                                                               | Title                                                                            |      #     |     Mean   |    RMS     |  Skewness  |  Kurtosis  |
 | ECal_banks                                                                       | "ECal_banks"                                                                     |     920000 |          0 | 0.0000     |          0 |          0 |
 | FTCluster_banks                                                                  | "FTCluster_banks"                                                                |    2400000 |          0 | 0.0000     |          0 |          0 |
 | Muon_banks                                                                       | "Muon_banks"                                                                     |     440000 |          0 | 0.0000     |          0 |          0 |
 | ODIN_banks                                                                       | "ODIN_banks"                                                                     |      10000 |          0 | 0.0000     |          0 |          0 |
 | Rich1_banks                                                                      | "Rich1_banks"                                                                    |      40000 |          0 | 0.0000     |          0 |          0 |
 | UT_banks                                                                         | "UT_banks"                                                                       |    2160000 |          0 | 0.0000     |          0 |          0 |
 | VP_banks                                                                         | "VP_banks"                                                                       |    1040000 |          2 | 0.0000     |          0 |          0 |
 | n_data_banks                                                                     | "n_data_banks"                                                                   |    7010000 |     5.9943 | 1.9785     |   -0.60878 |    0.93075 |
fit_dihadron_secondary_vertices        INFO 1D histograms in directory "fit_dihadron_secondary_vertices" : 1
 | ID                                                                               | Title                                                                            |      #     |     Mean   |    RMS     |  Skewness  |  Kurtosis  |
 | number_of_svs                                                                    | "NSVs"                                                                           |      10000 |     35.066 | 41.874     |     2.9166 |     16.097 |
fit_dihadrons_noipcut_secondary_...    INFO 1D histograms in directory "fit_dihadrons_noipcut_secondary_vertices" : 1
 | ID                                                                               | Title                                                                            |      #     |     Mean   |    RMS     |  Skewness  |  Kurtosis  |
 | number_of_svs                                                                    | "NSVs"                                                                           |      10000 |     3.1514 | 5.5150     |     4.0796 |     28.631 |
fit_dilepton_secondary_vertices        INFO 1D histograms in directory "fit_dilepton_secondary_vertices" : 1
 | ID                                                                               | Title                                                                            |      #     |     Mean   |    RMS     |  Skewness  |  Kurtosis  |
 | number_of_svs                                                                    | "NSVs"                                                                           |      10000 |     15.586 | 30.885     |     6.4419 |     89.344 |
fit_dilepton_secondary_vertices_...    INFO 1D histograms in directory "fit_dilepton_secondary_vertices_nopt" : 1
 | ID                                                                               | Title                                                                            |      #     |     Mean   |    RMS     |  Skewness  |  Kurtosis  |
 | number_of_svs                                                                    | "NSVs"                                                                           |      10000 |     24.317 | 45.228     |     4.7913 |     36.599 |
fit_prompt_dihadron_secondary_ve...    INFO 1D histograms in directory "fit_prompt_dihadron_secondary_vertices" : 1
 | ID                                                                               | Title                                                                            |      #     |     Mean   |    RMS     |  Skewness  |  Kurtosis  |
 | number_of_svs                                                                    | "NSVs"                                                                           |      10000 |     15.893 | 20.758     |     2.5053 |     8.7372 |
fit_v0_secondary_vertices              INFO 1D histograms in directory "fit_v0_secondary_vertices" : 1
 | ID                                                                               | Title                                                                            |      #     |     Mean   |    RMS     |  Skewness  |  Kurtosis  |
 | number_of_svs                                                                    | "NSVs"                                                                           |      10000 |     0.8534 | 1.8768     |     5.8391 |     76.302 |
gather_selections                      INFO 1D histograms in directory "gather_selections" : 2
 | ID                                                                               | Title                                                                            |      #     |     Mean   |    RMS     |  Skewness  |  Kurtosis  |
 | line_passes                                                                      | "line passes"                                                                    |      17364 |      81.19 | 19.492     |   -0.79083 |   -0.46202 |
 | line_rates                                                                       | "line rates"                                                                     |        656 |     75.041 | 29.508     |    -1.1843 |   -0.34986 |
is_muon                                INFO 1D histograms in directory "is_muon" : 3
 | ID                                                                               | Title                                                                            |      #     |     Mean   |    RMS     |  Skewness  |  Kurtosis  |
 | n_muons                                                                          | "# muons"                                                                        |     458953 |    0.10948 | 0.31224    |     2.5014 |     4.2569 |
 | pv_x                                                                             | "pv_x"                                                                           |      29756 |          2 | 0.0000     |          0 |          0 |
 | pv_y                                                                             | "pv_y"                                                                           |      50246 |     498.41 | 332.36     |     2.9206 |     35.448 |
make_long_track_particles              INFO 1D histograms in directory "make_long_track_particles" : 7
 | ID                                                                               | Title                                                                            |      #     |     Mean   |    RMS     |  Skewness  |  Kurtosis  |
 | number_of_trks                                                                   | "NTrks"                                                                          |      10000 |     45.895 | 26.588     |     0.7373 |    0.45861 |
 | trk_eta                                                                          | "etaTrk"                                                                         |     458953 |     3.6724 | 0.71508    |    -0.1365 |    -0.8371 |
 | trk_phi                                                                          | "phiTrk"                                                                         |     458953 | -0.0065966 | 1.8034     | -0.0013125 |     -1.251 |
 | trk_pt                                                                           | "ptTrk"                                                                          |     458894 |     656.86 | 579.56     |     3.3619 |     21.317 |
 | trk_qop                                                                          | "q/p"                                                                            |     458953 | 1.2931e-06 | 0.00015144 | -0.0056347 |   -0.82342 |
 | trk_tx                                                                           | "txTrk"                                                                          |     458953 |-0.00045036 | 0.060070   |   0.013464 |     3.2018 |
 | trk_ty                                                                           | "tyTrk"                                                                          |     458953 |-3.0883e-05 | 0.056872   |  -0.029677 |     1.5129 |
matching_consolidate_tracks_matc...    INFO 1D histograms in directory "matching_consolidate_tracks_matching" : 9
 | ID                                                                               | Title                                                                            |      #     |     Mean   |    RMS     |  Skewness  |  Kurtosis  |
 | long_track_ghost_prob                                                            | "GhostProb"                                                                      |     458953 |   0.076804 | 0.10031    |     2.0768 |     3.9826 |
 | long_track_matching_eta                                                          | "#eta"                                                                           |     458953 |     3.6719 | 0.71479    |   -0.13613 |   -0.83655 |
 | long_track_matching_nhits                                                        | "N. hits / track"                                                                |     458953 |     24.961 | 3.3240     | -0.0013443 |   -0.52334 |
 | long_track_matching_phi                                                          | "#phi"                                                                           |     458953 | -0.0066766 | 1.8034     | -0.0012717 |    -1.2509 |
 | long_track_matching_pt                                                           | "pt"                                                                             |     458894 |     656.35 | 579.36     |     3.3635 |     21.337 |
 | long_track_matching_qop                                                          | "q/p"                                                                            |     458953 | 1.2941e-06 | 0.00015181 | -0.0055634 |   -0.81988 |
 | long_track_matching_tx                                                           | "tx"                                                                             |     458953 |-0.00045505 | 0.060082   |   0.013352 |     3.1968 |
 | long_track_matching_ty                                                           | "ty"                                                                             |     458953 |-3.0134e-05 | 0.056879   |  -0.029552 |     1.5112 |
 | n_long_tracks_matching_event                                                     | "n_long_tracks_matching_event"                                                   |      10000 |     45.895 | 26.588     |     0.7373 |    0.45861 |
momentum_brem_correction_2d722be7      INFO 1D histograms in directory "momentum_brem_correction_2d722be7" : 3
 | ID                                                                               | Title                                                                            |      #     |     Mean   |    RMS     |  Skewness  |  Kurtosis  |
 | BremEoverP                                                                       | "BremE/ ( BremE + P (track) )"                                                   |     186530 |    0.12112 | 0.14722    |     1.9867 |     4.0941 |
 | EoverP                                                                           | "E (Ecal) / P (track)"                                                           |     376583 |    0.34706 | 0.30051    |     1.3464 |     2.2545 |
 | EoverP_hasbrem                                                                   | "E (Ecal) / P (track) (with HasBrem)"                                            |      89615 |    0.40963 | 0.34320    |     1.1587 |     1.3166 |
pv_beamline_cleanup                    INFO 1D histograms in directory "pv_beamline_cleanup" : 7
 | ID                                                                               | Title                                                                            |      #     |     Mean   |    RMS     |  Skewness  |  Kurtosis  |
 | n_pvs_event                                                                      | "n_pvs_event"                                                                    |      10000 |     5.1728 | 2.1617     |    0.35345 |    0.10441 |
 | n_smog2_PVs                                                                      | "n_smog2_PVs"                                                                    |      10000 |          0 | 0.0000     |          0 |          0 |
 | pv_x                                                                             | "pv_x"                                                                           |      51646 |-0.00011982 | 0.030488   |  -0.028993 |     1.9904 |
 | pv_y                                                                             | "pv_y"                                                                           |      51646 | 3.1058e-05 | 0.030206   |  -0.054324 |     1.6699 |
 | pv_z                                                                             | "pv_z"                                                                           |      51678 |     1.0058 | 63.432     |  -0.036367 |   -0.11778 |
 | pv_z_only_pp                                                                     | "pv_z_only_pp"                                                                   |      51646 |     1.1388 | 63.227     |  -0.018796 |   -0.16116 |
 | pv_z_only_smog                                                                   | "pv_z_only_smog"                                                                 |         32 |    -213.32 | 10.676     |   -0.57156 |   -0.99197 |
scifi_consolidate_seeds_matching       INFO 1D histograms in directory "scifi_consolidate_seeds_matching" : 5
 | ID                                                                               | Title                                                                            |      #     |     Mean   |    RMS     |  Skewness  |  Kurtosis  |
 | n_scifi_seeds_event                                                              | "n_scifi_seeds_event"                                                            |      10000 |     79.956 | 51.740     |     1.5141 |     4.3304 |
 | scifi_track_eta                                                                  | "#eta"                                                                           |     799559 |     2.6527 | 0.73297    |    0.64541 |     0.3157 |
 | scifi_track_nhits                                                                | "N. hits / track"                                                                |     799560 |      11.44 | 0.73978    |   -0.90934 |   -0.61201 |
 | scifi_track_phi                                                                  | "#phi"                                                                           |     799560 | -0.0062659 | 2.0444     |  0.0038903 |    -1.0012 |
 | scifi_track_qop                                                                  | "q/p"                                                                            |     799560 | 1.2462e-06 | 0.00016273 | -0.0053945 |   -0.86296 |
velo_consolidate_tracks                INFO 1D histograms in directory "velo_consolidate_tracks" : 1
 | ID                                                                               | Title                                                                            |      #     |     Mean   |    RMS     |  Skewness  |  Kurtosis  |
 | n_velo_tracks_event                                                              | "n_velo_tracks_event"                                                            |       9999 |     250.12 | 134.33     |    0.77697 |    0.89125 |
velo_kalman_filter                     INFO 1D histograms in directory "velo_kalman_filter" : 9
 | ID                                                                               | Title                                                                            |      #     |     Mean   |    RMS     |  Skewness  |  Kurtosis  |
 | velo_backward_track_eta                                                          | "#backward_eta"                                                                  |     935907 |    -3.0143 | 0.80742    |   0.011359 |   -0.62884 |
 | velo_backward_track_nhits                                                        | "backward N. hits / track"                                                       |     935908 |     4.5929 | 1.3876     |     1.2513 |     2.3966 |
 | velo_backward_track_phi                                                          | "#backward_phi"                                                                  |     935908 |-0.00020345 | 1.7949     |   -0.01286 |    -1.1698 |
 | velo_forward_track_eta                                                           | "#forward_eta"                                                                   |    1566014 |     3.2753 | 1.0900     |    0.11825 |     -0.984 |
 | velo_forward_track_nhits                                                         | "forward N. hits / track"                                                        |    1566014 |     7.3357 | 3.4695     |    0.58273 |   -0.57484 |
 | velo_forward_track_phi                                                           | "#forward_phi"                                                                   |    1566014 |  -0.003142 | 1.8200     | -0.0042865 |    -1.2095 |
 | velo_total_track_eta                                                             | "#total_eta"                                                                     |    2501921 |    0.92254 | 3.2016     |   -0.37193 |    -1.4825 |
 | velo_total_track_nhits                                                           | "total N. hits / track"                                                          |    2501922 |     6.3097 | 3.1649     |     1.0962 |    0.44518 |
 | velo_total_track_phi                                                             | "#total_phi"                                                                     |    2501922 | -0.0020428 | 1.8107     | -0.0074425 |    -1.1949 |
