HLTControlFlowMgr                      INFO Start initialization
HLTControlFlowMgr                      INFO Will not use an EventSelector.
HLTControlFlowMgr                      INFO Concurrency level information:
HLTControlFlowMgr                      INFO  o Number of events slots: 1
HLTControlFlowMgr                      INFO  o TBB thread pool size:  'ThreadPoolSize':1
ApplicationMgr                         INFO Application Manager Initialized successfully
Using 3 input slices.
ApplicationMgr                         INFO Application Manager Started successfully
HLTControlFlowMgr                      INFO Will measure time between events 0 and 0 (stop might be some events later)
HLTControlFlowMgr                      INFO Starting loop on events
DeviceFTGeometry                       INFO Conditions DB is compatible with FT bank version 7 and 8.
Starting timer for throughput measurement
Input complete
ApplicationMgr                         INFO Application Manager Stopped successfully
HLTControlFlowMgr                      INFO
HLTControlFlowMgr                      INFO StateTree: CFNode   #executed  #passed
NONLAZY_OR: allen_non_event_data               #=1       Sum=1           Eff=|( 100.0000 +- 0.00000 )%|
 AllenODINProducer/AllenODINProducer_e608fece  #=1       Sum=1           Eff=|( 100.0000 +- 0.00000 )%|
 DumpBeamline/DeviceBeamline                   #=1       Sum=1           Eff=|( 100.0000 +- 0.00000 )%|
 DumpVPGeometry/DeviceVPGeometry               #=1       Sum=1           Eff=|( 100.0000 +- 0.00000 )%|
 DumpCaloGeometry/DeviceCaloGeometry           #=1       Sum=1           Eff=|( 100.0000 +- 0.00000 )%|
 DumpMagneticField/DeviceMagneticField         #=1       Sum=1           Eff=|( 100.0000 +- 0.00000 )%|
 DumpFTGeometry/DeviceFTGeometry               #=1       Sum=1           Eff=|( 100.0000 +- 0.00000 )%|
 DumpMuonGeometry/DeviceMuonGeometry           #=1       Sum=1           Eff=|( 100.0000 +- 0.00000 )%|
 DumpMuonTable/DeviceMuonTable                 #=1       Sum=1           Eff=|( 100.0000 +- 0.00000 )%|
HLTControlFlowMgr                      INFO Histograms converted successfully according to request.
ApplicationMgr                         INFO Application Manager Finalized successfully
ApplicationMgr                         INFO Application Manager Terminated successfully
HLTControlFlowMgr                      INFO Number of counters : 1
 |    Counter                                      |     #     |    sum     | mean/eff^* | rms/err^*  |     min     |     max     |
 | "Processed events"                              |         1 |
calo_filter_clusters_283cb05d          INFO Number of counters : 1
 |    Counter                                      |     #     |    sum     | mean/eff^* | rms/err^*  |     min     |     max     |
 | "n_calo_clusters"                               |    494739 |
gather_selections                      INFO Number of counters : 20
 |    Counter                                      |     #     |    sum     | mean/eff^* | rms/err^*  |     min     |     max     |
 | "Hlt1DiPhotonHighMassPass"                      |        81 |
 | "Hlt1DiPhotonHighMassRate"                      |        81 |
 | "Hlt1MaterialVertexSeedsDownstreamzPass"        |         4 |
 | "Hlt1MaterialVertexSeedsDownstreamzRate"        |         4 |
 | "Hlt1MaterialVertexSeeds_DWFSPass"              |         3 |
 | "Hlt1MaterialVertexSeeds_DWFSRate"              |         3 |
 | "Hlt1OneMuonTrackLinePass"                      |      5724 |
 | "Hlt1OneMuonTrackLineRate"                      |         3 |
 | "Hlt1Pi02GammaGammaPass"                        |         2 |
 | "Hlt1Pi02GammaGammaRate"                        |         2 |
 | "Hlt1SMOG2PassThroughLowMult5Pass"              |         3 |
 | "Hlt1SMOG2PassThroughLowMult5Rate"              |         3 |
 | "Hlt1SingleHighPtMuonNoMuIDPass"                |         4 |
 | "Hlt1SingleHighPtMuonNoMuIDRate"                |         4 |
 | "Hlt1TrackMVAPass"                              |        16 |
 | "Hlt1TrackMVARate"                              |        16 |
 | "Hlt1TwoTrackMVAPass"                           |         1 |
 | "Hlt1TwoTrackMVARate"                           |         1 |
 | "Hlt1VeloMicroBiasPass"                         |      9997 |
 | "Hlt1VeloMicroBiasRate"                         |         9 |
matching_consolidate_tracks_matc...    INFO Number of counters : 1
 |    Counter                                      |     #     |    sum     | mean/eff^* | rms/err^*  |     min     |     max     |
 | "n_long_tracks_matching"                        |     10000 |       1415 |    0.14150 |
pv_beamline_cleanup                    INFO Number of counters : 1
 |    Counter                                      |     #     |    sum     | mean/eff^* | rms/err^*  |     min     |     max     |
 | "n_PVs"                                         |     10000 |      51728 |     5.1728 |
scifi_consolidate_seeds_matching       INFO Number of counters : 1
 |    Counter                                      |     #     |    sum     | mean/eff^* | rms/err^*  |     min     |     max     |
 | "n_seed_tracks"                                 |     10000 |      23221 |     2.3221 |
velo_consolidate_tracks                INFO Number of counters : 1
 |    Counter                                      |     #     |    sum     | mean/eff^* | rms/err^*  |     min     |     max     |
 | "n_velo_tracks"                                 |     10000 |    2501924 |     250.19 |
