HLTControlFlowMgr                      INFO Start initialization
HLTControlFlowMgr                      INFO Will not use an EventSelector.
HLTControlFlowMgr                      INFO Concurrency level information:
HLTControlFlowMgr                      INFO  o Number of events slots: 1
HLTControlFlowMgr                      INFO  o TBB thread pool size:  'ThreadPoolSize':1
ApplicationMgr                         INFO Application Manager Initialized successfully
Using 3 input slices.
  rate_validator
  global_decision
  make_selected_object_lists
  make_subbanks
  make_selreps
  host_routingbits_writer
ApplicationMgr                         INFO Application Manager Started successfully
HLTControlFlowMgr                      INFO Will measure time between events 0 and 0 (stop might be some events later)
HLTControlFlowMgr                      INFO Starting loop on events
DeviceFTGeometry                       INFO Conditions DB is compatible with FT bank version 7 and 8.
Starting timer for throughput measurement
Input complete
error_bank_filter                      INFO Booked 3 Histogram(s) : 1D=3 2D=0 3D=0 1DProf=0 2DProf=0 3DProf=0
gather_selections                      INFO Booked 2 Histogram(s) : 1D=2 2D=0 3D=0 1DProf=0 2DProf=0 3DProf=0
pv_beamline_cleanup                    INFO Booked 2 Histogram(s) : 1D=2 2D=0 3D=0 1DProf=0 2DProf=0 3DProf=0
scifi_consolidate_seeds_matching       INFO Booked 1 Histogram(s) : 1D=1 2D=0 3D=0 1DProf=0 2DProf=0 3DProf=0
velo_consolidate_tracks                INFO Booked 1 Histogram(s) : 1D=1 2D=0 3D=0 1DProf=0 2DProf=0 3DProf=0
ApplicationMgr                         INFO Application Manager Stopped successfully
HLTControlFlowMgr                      INFO
HLTControlFlowMgr                      INFO StateTree: CFNode   #executed  #passed
NONLAZY_OR: allen_non_event_data               #=1       Sum=1           Eff=|( 100.0000 +- 0.00000 )%|
 AllenODINProducer/AllenODINProducer_e608fece  #=1       Sum=1           Eff=|( 100.0000 +- 0.00000 )%|
 DumpBeamline/DeviceBeamline                   #=1       Sum=1           Eff=|( 100.0000 +- 0.00000 )%|
 DumpVPGeometry/DeviceVPGeometry               #=1       Sum=1           Eff=|( 100.0000 +- 0.00000 )%|
 DumpUTGeometry/DeviceUTGeometry               #=1       Sum=1           Eff=|( 100.0000 +- 0.00000 )%|
 DumpUTLookupTables/DeviceUTLookupTables       #=1       Sum=1           Eff=|( 100.0000 +- 0.00000 )%|
 DumpCaloGeometry/DeviceCaloGeometry           #=1       Sum=1           Eff=|( 100.0000 +- 0.00000 )%|
 DumpMagneticField/DeviceMagneticField         #=1       Sum=1           Eff=|( 100.0000 +- 0.00000 )%|
 DumpFTGeometry/DeviceFTGeometry               #=1       Sum=1           Eff=|( 100.0000 +- 0.00000 )%|
 DumpMuonGeometry/DeviceMuonGeometry           #=1       Sum=1           Eff=|( 100.0000 +- 0.00000 )%|
 DumpMuonTable/DeviceMuonTable                 #=1       Sum=1           Eff=|( 100.0000 +- 0.00000 )%|
HLTControlFlowMgr                      INFO Histograms converted successfully according to request.
ApplicationMgr                         INFO Application Manager Finalized successfully
ApplicationMgr                         INFO Application Manager Terminated successfully
HLTControlFlowMgr                      INFO Number of counters : 1
 |    Counter                                      |     #     |    sum     | mean/eff^* | rms/err^*  |     min     |     max     |
 | "Processed events"                              |         1 |
gather_selections                      INFO Number of counters : 2
 |    Counter                                      |     #     |    sum     | mean/eff^* | rms/err^*  |     min     |     max     |
 | "Hlt1ODINCalibPass"                             |      1000 |
 | "Hlt1ODINCalibRate"                             |      1000 |
pv_beamline_cleanup                    INFO Number of counters : 1
 |    Counter                                      |     #     |    sum     | mean/eff^* | rms/err^*  |     min     |     max     |
 | "n_PVs"                                         |      1000 |          0 |     0.0000 |
scifi_consolidate_seeds_matching       INFO Number of counters : 1
 |    Counter                                      |     #     |    sum     | mean/eff^* | rms/err^*  |     min     |     max     |
 | "n_seed_tracks"                                 |      1000 |          0 |     0.0000 |
velo_consolidate_tracks                INFO Number of counters : 1
 |    Counter                                      |     #     |    sum     | mean/eff^* | rms/err^*  |     min     |     max     |
 | "n_velo_tracks"                                 |      1000 |          0 |     0.0000 |
error_bank_filter                      INFO 1D histograms in directory "error_bank_filter" : 3
 | ID                                                                               | Title                                                                            |      #     |     Mean   |    RMS     |  Skewness  |  Kurtosis  |
 | ODIN_banks                                                                       | "ODIN_banks"                                                                     |       1000 |          0 | 0.0000     |          0 |          0 |
 | Plume_banks                                                                      | "Plume_banks"                                                                    |       3000 |          0 | 0.0000     |          0 |          0 |
 | n_data_banks                                                                     | "n_data_banks"                                                                   |       4000 |          8 | 3.4641     |    -1.1547 |   -0.66667 |
gather_selections                      INFO 1D histograms in directory "gather_selections" : 2
 | ID                                                                               | Title                                                                            |      #     |     Mean   |    RMS     |  Skewness  |  Kurtosis  |
 | line_passes                                                                      | "line passes"                                                                    |       1000 |       53.5 | 0.0000     |          0 |          0 |
 | line_rates                                                                       | "line rates"                                                                     |       1000 |       53.5 | 0.0000     |          0 |          0 |
pv_beamline_cleanup                    INFO 1D histograms in directory "pv_beamline_cleanup" : 2
 | ID                                                                               | Title                                                                            |      #     |     Mean   |    RMS     |  Skewness  |  Kurtosis  |
 | n_pvs_event                                                                      | "n_pvs_event"                                                                    |       1000 |          0 | 0.0000     |          0 |          0 |
 | n_smog2_PVs                                                                      | "n_smog2_PVs"                                                                    |       1000 |          0 | 0.0000     |          0 |          0 |
scifi_consolidate_seeds_matching       INFO 1D histograms in directory "scifi_consolidate_seeds_matching" : 1
 | ID                                                                               | Title                                                                            |      #     |     Mean   |    RMS     |  Skewness  |  Kurtosis  |
 | n_scifi_seeds_event                                                              | "n_scifi_seeds_event"                                                            |       1000 |          0 | 0.0000     |          0 |          0 |
velo_consolidate_tracks                INFO 1D histograms in directory "velo_consolidate_tracks" : 1
 | ID                                                                               | Title                                                                            |      #     |     Mean   |    RMS     |  Skewness  |  Kurtosis  |
 | n_velo_tracks_event                                                              | "n_velo_tracks_event"                                                            |       1000 |          0 | 0.0000     |          0 |          0 |
