HLTControlFlowMgr                      INFO Start initialization
HLTControlFlowMgr                      INFO Will not use an EventSelector.
HLTControlFlowMgr                      INFO Concurrency level information:
HLTControlFlowMgr                      INFO  o Number of events slots: 1
HLTControlFlowMgr                      INFO  o TBB thread pool size:  'ThreadPoolSize':1
ApplicationMgr                         INFO Application Manager Initialized successfully
Setting number of slices to 2
ApplicationMgr                         INFO Application Manager Started successfully
DeviceFTGeometry                       INFO Conditions DB is compatible with FT bank version 7 and 8.
Starting timer for throughput measurement
Reserve: Requested size for argument initialize_event_lists__dev_event_list_output_t could not be met (...)
Device memory manager segments (MB):
unused (0.000000),
Max memory required: 0.000000 MB
Insufficient memory to process slice - will sub-divide and retry.
Reserve: Requested size for argument initialize_event_lists__dev_event_list_output_t could not be met (...)
Device memory manager segments (MB):
unused (0.000000),
Max memory required: 0.000000 MB
Insufficient memory to process slice - will sub-divide and retry.
Reserve: Requested size for argument initialize_event_lists__dev_event_list_output_t could not be met (...)
Device memory manager segments (MB):
unused (0.000000),
Max memory required: 0.000000 MB
Insufficient memory to process slice - will sub-divide and retry.
Input complete
ApplicationMgr                         INFO Application Manager Stopped successfully
HLTControlFlowMgr                      INFO
HLTControlFlowMgr                      INFO StateTree: CFNode   #executed  #passed
NONLAZY_OR: allen_non_event_data               #=1       Sum=1           Eff=|( 100.0000 +- 0.00000 )%|
 AllenODINProducer/AllenODINProducer_e608fece  #=1       Sum=1           Eff=|( 100.0000 +- 0.00000 )%|
 DumpBeamline/DeviceBeamline                   #=1       Sum=1           Eff=|( 100.0000 +- 0.00000 )%|
 DumpVPGeometry/DeviceVPGeometry               #=1       Sum=1           Eff=|( 100.0000 +- 0.00000 )%|
 DumpCaloGeometry/DeviceCaloGeometry           #=1       Sum=1           Eff=|( 100.0000 +- 0.00000 )%|
 DumpMagneticField/DeviceMagneticField         #=1       Sum=1           Eff=|( 100.0000 +- 0.00000 )%|
 DumpFTGeometry/DeviceFTGeometry               #=1       Sum=1           Eff=|( 100.0000 +- 0.00000 )%|
 DumpMuonGeometry/DeviceMuonGeometry           #=1       Sum=1           Eff=|( 100.0000 +- 0.00000 )%|
 DumpMuonTable/DeviceMuonTable                 #=1       Sum=1           Eff=|( 100.0000 +- 0.00000 )%|
HLTControlFlowMgr                      INFO Histograms converted successfully according to request.
ApplicationMgr                         INFO Application Manager Finalized successfully
Wrote 2/2 events to large_event_passthrough.mdf
ApplicationMgr                         INFO Application Manager Terminated successfully
EventLoop                              INFO Number of counters : 2
 |    Counter                                      |     #     |    sum     | mean/eff^* | rms/err^*  |     min     |     max     |
 | "NPassthrough"                                  |         2 |
 | "NSplit"                                        |         1 |
HLTControlFlowMgr                      INFO Number of counters : 1
 |    Counter                                      |     #     |    sum     | mean/eff^* | rms/err^*  |     min     |     max     |
 | "Processed events"                              |         1 |
