HLTControlFlowMgr                      INFO Start initialization
HLTControlFlowMgr                      INFO Concurrency level information:
HLTControlFlowMgr                      INFO  o Number of events slots: 1
HLTControlFlowMgr                      INFO  o TBB thread pool size:  'ThreadPoolSize':1
ApplicationMgr                         INFO Application Manager Initialized successfully
ApplicationMgr                         INFO Application Manager Started successfully
EventPersistencySvc                    INFO Added successfully Conversion service:RootCnvSvc
EventSelector                          INFO Stream:EventSelector.DataStreamTool_1 Def:DATAFILE='root://eoslhcb.cern.ch//eos/lhcb/wg/rta/samples/mc/Jira_LHCBGAUSS-2635/Minbias_MagDown_Boole_lhcbhead3379_dddb-20220705_sim-20220705-vc-md100_lumi0.xdigi' SVC='Gaudi::RootEvtSelector' OPT='READ' IgnoreChecksum='YES'
HLTControlFlowMgr                      INFO Will measure time between events 0 and 0 (stop might be some events later)
HLTControlFlowMgr                      INFO Starting loop on events
EventSelector                       SUCCESS Reading Event record 1. Record number within stream 1: 1
DumpFTGeometry_94b0d61a                INFO Conditions DB is compatible with FT bank version 7 and 8.
ApplicationMgr                         INFO Application Manager Stopped successfully
HLTControlFlowMgr                      INFO
HLTControlFlowMgr                      INFO StateTree: CFNode   #executed  #passed
NONLAZY_OR: allen_reconstruction                 #=1       Sum=1           Eff=|( 100.0000 +- 0.00000 )%|
 LAZY_AND: allen_non_event_data                  #=1       Sum=1           Eff=|( 100.0000 +- 0.00000 )%|
  NONLAZY_OR: allen_non_event_data_converters    #=1       Sum=1           Eff=|( 100.0000 +- 0.00000 )%|
   DumpBeamline/DumpBeamline                     #=1       Sum=1           Eff=|( 100.0000 +- 0.00000 )%|
   DumpVPGeometry/DumpVPGeometry_2afa7777        #=1       Sum=1           Eff=|( 100.0000 +- 0.00000 )%|
   DumpCaloGeometry/DumpCaloGeometry_472f6a19    #=1       Sum=1           Eff=|( 100.0000 +- 0.00000 )%|
   DumpMagneticField/DumpMagneticField_a4d14417  #=1       Sum=1           Eff=|( 100.0000 +- 0.00000 )%|
   DumpFTGeometry/DumpFTGeometry_94b0d61a        #=1       Sum=1           Eff=|( 100.0000 +- 0.00000 )%|
   DumpMuonGeometry/DumpMuonGeometry             #=1       Sum=1           Eff=|( 100.0000 +- 0.00000 )%|
   DumpMuonTable/DumpMuonTable                   #=1       Sum=1           Eff=|( 100.0000 +- 0.00000 )%|
  NONLAZY_OR: allen_non_event_data_producers     #=1       Sum=1           Eff=|( 100.0000 +- 0.00000 )%|
   AllenTESProducer/AllenTESProducer_VP          #=1       Sum=1           Eff=|( 100.0000 +- 0.00000 )%|
   AllenTESProducer/AllenTESProducer_ECal        #=1       Sum=1           Eff=|( 100.0000 +- 0.00000 )%|
   AllenTESProducer/AllenTESProducer_Magnet      #=1       Sum=1           Eff=|( 100.0000 +- 0.00000 )%|
   AllenTESProducer/AllenTESProducer_FTCluster   #=1       Sum=1           Eff=|( 100.0000 +- 0.00000 )%|
 NONLAZY_OR: dump_geometry                       #=1       Sum=1           Eff=|( 100.0000 +- 0.00000 )%|
  TransposeRawBanks/TransposeRawBanks_becb8877   #=1       Sum=1           Eff=|( 100.0000 +- 0.00000 )%|
HLTControlFlowMgr                      INFO Histograms converted successfully according to request.
ApplicationMgr                         INFO Application Manager Finalized successfully
ApplicationMgr                         INFO Application Manager Terminated successfully
AllenTESProducer_ECal                  INFO Number of counters : 1
 |    Counter                                      |     #     |    sum     | mean/eff^* | rms/err^*  |     min     |     max     |
 | "BytesWritten_EcalGeometry"                     |    198684 |
AllenTESProducer_FTCluster             INFO Number of counters : 1
 |    Counter                                      |     #     |    sum     | mean/eff^* | rms/err^*  |     min     |     max     |
 | "BytesWritten_SciFiGeometry"                    |    104104 |
AllenTESProducer_Magnet                INFO Number of counters : 1
 |    Counter                                      |     #     |    sum     | mean/eff^* | rms/err^*  |     min     |     max     |
 | "BytesWritten_MagneticField"                    |         4 |
AllenTESProducer_VP                    INFO Number of counters : 1
 |    Counter                                      |     #     |    sum     | mean/eff^* | rms/err^*  |     min     |     max     |
 | "BytesWritten_VeloGeometry"                     |     16376 |
DumpBeamline                           INFO Number of counters : 1
 |    Counter                                      |     #     |    sum     | mean/eff^* | rms/err^*  |     min     |     max     |
 | "BytesWritten_Beamline"                         |         8 |
DumpMuonGeometry                       INFO Number of counters : 1
 |    Counter                                      |     #     |    sum     | mean/eff^* | rms/err^*  |     min     |     max     |
 | "BytesWritten_MuonGeometry"                     |    211468 |
DumpMuonTable                          INFO Number of counters : 1
 |    Counter                                      |     #     |    sum     | mean/eff^* | rms/err^*  |     min     |     max     |
 | "BytesWritten_MuonLookupTables"                 |   1116340 |
HLTControlFlowMgr                      INFO Number of counters : 1
 |    Counter                                      |     #     |    sum     | mean/eff^* | rms/err^*  |     min     |     max     |
 | "Processed events"                              |         1 |
